// Jest Snapshot v1, https://goo.gl/fbAQLP

exports[`renders correctly 1`] = `
<View
  style={
    Object {
      "flex": 1,
      "flexDirection": "row",
    }
  }
>
  <View
    style={
      Object {
        "flex": 1,
        "flexDirection": "column",
      }
    }
  >
    <View
      accessibilityComponentType={undefined}
      accessibilityLabel={undefined}
      accessibilityTraits={undefined}
      accessible={true}
      hitSlop={undefined}
      isTVSelectable={true}
      onLayout={undefined}
      onResponderGrant={[Function]}
      onResponderMove={[Function]}
      onResponderRelease={[Function]}
      onResponderTerminate={[Function]}
      onResponderTerminationRequest={[Function]}
      onStartShouldSetResponder={[Function]}
      style={
        Object {
          "alignItems": "center",
          "backgroundColor": "#66666d",
          "flex": 1,
          "flexDirection": "row",
          "flexWrap": "wrap",
          "justifyContent": "center",
          "marginBottom": 10,
          "marginLeft": 0,
          "marginRight": 15,
          "opacity": 1,
          "paddingLeft": 15,
          "paddingRight": 15,
        }
      }
      testID={undefined}
      tvParallaxProperties={undefined}
    >
      <Text
        accessible={true}
        allowFontScaling={true}
        ellipsizeMode="tail"
        style={
          Array [
            Object {
              "color": "#fff",
              "fontFamily": "Gotham-Book",
              "fontSize": 14,
            },
            Array [
              Object {
                "color": "#fefefe",
                "fontSize": 16,
              },
              Object {
                "fontSize": 12,
                "textAlign": "left",
                "width": "100%",
              },
            ],
          ]
        }
      >
        TEST
      </Text>
    </View>
  </View>
</View>
`;
